main.c:124:9:calcChecksum	32	static
main.c:86:5:main	320	static
main.c:134:6:CapasityCalc	24	static
main.c:153:6:GerilimHesap	16	static
main.c:160:6:Sicaklik	16	static
main.c:167:6:ADSRead	24	static
main.c:178:6:ADSChecksumControl	24	static
main.c:188:6:Res	16	static
main.c:193:6:CalcCurrentVal	16	static
main.c:201:6:CalcSOC	24	static
main.c:241:7:MaxBataryaSicaklik	24	static
main.c:356:6:SystemClock_Config	232	static
main.c:420:13:MX_ADC1_Init	24	static
main.c:478:13:MX_CAN1_Init	8	static
main.c:515:13:MX_RTC_Init	40	static
main.c:577:13:MX_SPI1_Init	8	static
main.c:617:13:MX_UART4_Init	8	static
main.c:652:13:MX_UART5_Init	8	static
main.c:687:13:MX_UART7_Init	8	static
main.c:722:13:MX_UART8_Init	8	static
main.c:755:13:MX_DMA_Init	16	static
main.c:773:13:MX_GPIO_Init	56	static
main.c:834:6:Error_Handler	4	static,ignoring_inline_asm
