Archive member included to satisfy reference by file (symbol)

c:/st/stm32cubeide_1.5.0/stm32cubeide/plugins/com.st.stm32cube.ide.mcu.externaltools.gnu-tools-for-stm32.7-2018-q2-update.win32_1.5.0.202011040924/tools/bin/../lib/gcc/arm-none-eabi/7.3.1/../../../../arm-none-eabi/lib/thumb/v7e-m/fpv5/hard\libc_nano.a(lib_a-errno.o)
                              Core/Src/syscalls.o (__errno)
c:/st/stm32cubeide_1.5.0/stm32cubeide/plugins/com.st.stm32cube.ide.mcu.externaltools.gnu-tools-for-stm32.7-2018-q2-update.win32_1.5.0.202011040924/tools/bin/../lib/gcc/arm-none-eabi/7.3.1/../../../../arm-none-eabi/lib/thumb/v7e-m/fpv5/hard\libc_nano.a(lib_a-exit.o)
                              c:/st/stm32cubeide_1.5.0/stm32cubeide/plugins/com.st.stm32cube.ide.mcu.externaltools.gnu-tools-for-stm32.7-2018-q2-update.win32_1.5.0.202011040924/tools/bin/../lib/gcc/arm-none-eabi/7.3.1/../../../../arm-none-eabi/lib/thumb/v7e-m/fpv5/hard/crt0.o (exit)
c:/st/stm32cubeide_1.5.0/stm32cubeide/plugins/com.st.stm32cube.ide.mcu.externaltools.gnu-tools-for-stm32.7-2018-q2-update.win32_1.5.0.202011040924/tools/bin/../lib/gcc/arm-none-eabi/7.3.1/../../../../arm-none-eabi/lib/thumb/v7e-m/fpv5/hard\libc_nano.a(lib_a-impure.o)
                              c:/st/stm32cubeide_1.5.0/stm32cubeide/plugins/com.st.stm32cube.ide.mcu.externaltools.gnu-tools-for-stm32.7-2018-q2-update.win32_1.5.0.202011040924/tools/bin/../lib/gcc/arm-none-eabi/7.3.1/../../../../arm-none-eabi/lib/thumb/v7e-m/fpv5/hard\libc_nano.a(lib_a-exit.o) (_global_impure_ptr)
c:/st/stm32cubeide_1.5.0/stm32cubeide/plugins/com.st.stm32cube.ide.mcu.externaltools.gnu-tools-for-stm32.7-2018-q2-update.win32_1.5.0.202011040924/tools/bin/../lib/gcc/arm-none-eabi/7.3.1/../../../../arm-none-eabi/lib/thumb/v7e-m/fpv5/hard\libc_nano.a(lib_a-init.o)
                              c:/st/stm32cubeide_1.5.0/stm32cubeide/plugins/com.st.stm32cube.ide.mcu.externaltools.gnu-tools-for-stm32.7-2018-q2-update.win32_1.5.0.202011040924/tools/bin/../lib/gcc/arm-none-eabi/7.3.1/../../../../arm-none-eabi/lib/thumb/v7e-m/fpv5/hard/crt0.o (__libc_init_array)
c:/st/stm32cubeide_1.5.0/stm32cubeide/plugins/com.st.stm32cube.ide.mcu.externaltools.gnu-tools-for-stm32.7-2018-q2-update.win32_1.5.0.202011040924/tools/bin/../lib/gcc/arm-none-eabi/7.3.1/../../../../arm-none-eabi/lib/thumb/v7e-m/fpv5/hard\libc_nano.a(lib_a-memset.o)
                              c:/st/stm32cubeide_1.5.0/stm32cubeide/plugins/com.st.stm32cube.ide.mcu.externaltools.gnu-tools-for-stm32.7-2018-q2-update.win32_1.5.0.202011040924/tools/bin/../lib/gcc/arm-none-eabi/7.3.1/../../../../arm-none-eabi/lib/thumb/v7e-m/fpv5/hard/crt0.o (memset)
c:/st/stm32cubeide_1.5.0/stm32cubeide/plugins/com.st.stm32cube.ide.mcu.externaltools.gnu-tools-for-stm32.7-2018-q2-update.win32_1.5.0.202011040924/tools/bin/../lib/gcc/arm-none-eabi/7.3.1/thumb/v7e-m/fpv5/hard\libgcc.a(_aeabi_uldivmod.o)
                              Drivers/STM32F7xx_HAL_Driver/Src/stm32f7xx_hal_rcc.o (__aeabi_uldivmod)
c:/st/stm32cubeide_1.5.0/stm32cubeide/plugins/com.st.stm32cube.ide.mcu.externaltools.gnu-tools-for-stm32.7-2018-q2-update.win32_1.5.0.202011040924/tools/bin/../lib/gcc/arm-none-eabi/7.3.1/thumb/v7e-m/fpv5/hard\libgcc.a(_udivmoddi4.o)
                              c:/st/stm32cubeide_1.5.0/stm32cubeide/plugins/com.st.stm32cube.ide.mcu.externaltools.gnu-tools-for-stm32.7-2018-q2-update.win32_1.5.0.202011040924/tools/bin/../lib/gcc/arm-none-eabi/7.3.1/thumb/v7e-m/fpv5/hard\libgcc.a(_aeabi_uldivmod.o) (__udivmoddi4)
c:/st/stm32cubeide_1.5.0/stm32cubeide/plugins/com.st.stm32cube.ide.mcu.externaltools.gnu-tools-for-stm32.7-2018-q2-update.win32_1.5.0.202011040924/tools/bin/../lib/gcc/arm-none-eabi/7.3.1/thumb/v7e-m/fpv5/hard\libgcc.a(_dvmd_tls.o)
                              c:/st/stm32cubeide_1.5.0/stm32cubeide/plugins/com.st.stm32cube.ide.mcu.externaltools.gnu-tools-for-stm32.7-2018-q2-update.win32_1.5.0.202011040924/tools/bin/../lib/gcc/arm-none-eabi/7.3.1/thumb/v7e-m/fpv5/hard\libgcc.a(_aeabi_uldivmod.o) (__aeabi_ldiv0)

Allocating common symbols
Common symbol       size              file

huart7              0x80              Core/Src/main.o
uwTick              0x4               Drivers/STM32F7xx_HAL_Driver/Src/stm32f7xx_hal.o
pFlash              0x1c              Drivers/STM32F7xx_HAL_Driver/Src/stm32f7xx_hal_flash.o
huart5              0x80              Core/Src/main.o
hadc1               0x48              Core/Src/main.o
hdma_adc1           0x60              Core/Src/main.o
hrtc                0x20              Core/Src/main.o
huart8              0x80              Core/Src/main.o
huart4              0x80              Core/Src/main.o
hspi1               0x64              Core/Src/main.o
hcan1               0x28              Core/Src/main.o

Discarded input sections

[...]
Memory Configuration

Name             Origin             Length             Attributes
RAM              0x0000000020000000 0x0000000000080000 xrw
FLASH            0x0000000008000000 0x0000000000200000 xr
*default*        0x0000000000000000 0xffffffffffffffff

Linker script and memory map

LOAD c:/st/stm32cubeide_1.5.0/stm32cubeide/plugins/com.st.stm32cube.ide.mcu.externaltools.gnu-tools-for-stm32.7-2018-q2-update.win32_1.5.0.202011040924/tools/bin/../lib/gcc/arm-none-eabi/7.3.1/thumb/v7e-m/fpv5/hard/crti.o
LOAD c:/st/stm32cubeide_1.5.0/stm32cubeide/plugins/com.st.stm32cube.ide.mcu.externaltools.gnu-tools-for-stm32.7-2018-q2-update.win32_1.5.0.202011040924/tools/bin/../lib/gcc/arm-none-eabi/7.3.1/thumb/v7e-m/fpv5/hard/crtbegin.o
LOAD c:/st/stm32cubeide_1.5.0/stm32cubeide/plugins/com.st.stm32cube.ide.mcu.externaltools.gnu-tools-for-stm32.7-2018-q2-update.win32_1.5.0.202011040924/tools/bin/../lib/gcc/arm-none-eabi/7.3.1/../../../../arm-none-eabi/lib/thumb/v7e-m/fpv5/hard/crt0.o
LOAD Core/Src/main.o
LOAD Core/Src/stm32f7xx_hal_msp.o
LOAD Core/Src/stm32f7xx_it.o
LOAD Core/Src/syscalls.o
LOAD Core/Src/sysmem.o
LOAD Core/Src/system_stm32f7xx.o
LOAD Core/Startup/startup_stm32f777vitx.o
LOAD Drivers/STM32F7xx_HAL_Driver/Src/stm32f7xx_hal.o
LOAD Drivers/STM32F7xx_HAL_Driver/Src/stm32f7xx_hal_adc.o
LOAD Drivers/STM32F7xx_HAL_Driver/Src/stm32f7xx_hal_adc_ex.o
LOAD Drivers/STM32F7xx_HAL_Driver/Src/stm32f7xx_hal_can.o
LOAD Drivers/STM32F7xx_HAL_Driver/Src/stm32f7xx_hal_cortex.o
LOAD Drivers/STM32F7xx_HAL_Driver/Src/stm32f7xx_hal_dma.o
LOAD Drivers/STM32F7xx_HAL_Driver/Src/stm32f7xx_hal_dma_ex.o
LOAD Drivers/STM32F7xx_HAL_Driver/Src/stm32f7xx_hal_exti.o
LOAD Drivers/STM32F7xx_HAL_Driver/Src/stm32f7xx_hal_flash.o
LOAD Drivers/STM32F7xx_HAL_Driver/Src/stm32f7xx_hal_flash_ex.o
LOAD Drivers/STM32F7xx_HAL_Driver/Src/stm32f7xx_hal_gpio.o
LOAD Drivers/STM32F7xx_HAL_Driver/Src/stm32f7xx_hal_i2c.o
LOAD Drivers/STM32F7xx_HAL_Driver/Src/stm32f7xx_hal_i2c_ex.o
LOAD Drivers/STM32F7xx_HAL_Driver/Src/stm32f7xx_hal_pwr.o
LOAD Drivers/STM32F7xx_HAL_Driver/Src/stm32f7xx_hal_pwr_ex.o
LOAD Drivers/STM32F7xx_HAL_Driver/Src/stm32f7xx_hal_rcc.o
LOAD Drivers/STM32F7xx_HAL_Driver/Src/stm32f7xx_hal_rcc_ex.o
LOAD Drivers/STM32F7xx_HAL_Driver/Src/stm32f7xx_hal_rtc.o
LOAD Drivers/STM32F7xx_HAL_Driver/Src/stm32f7xx_hal_rtc_ex.o
LOAD Drivers/STM32F7xx_HAL_Driver/Src/stm32f7xx_hal_spi.o
LOAD Drivers/STM32F7xx_HAL_Driver/Src/stm32f7xx_hal_spi_ex.o
LOAD Drivers/STM32F7xx_HAL_Driver/Src/stm32f7xx_hal_tim.o
LOAD Drivers/STM32F7xx_HAL_Driver/Src/stm32f7xx_hal_tim_ex.o
LOAD Drivers/STM32F7xx_HAL_Driver/Src/stm32f7xx_hal_uart.o
LOAD Drivers/STM32F7xx_HAL_Driver/Src/stm32f7xx_hal_uart_ex.o
START GROUP
LOAD c:/st/stm32cubeide_1.5.0/stm32cubeide/plugins/com.st.stm32cube.ide.mcu.externaltools.gnu-tools-for-stm32.7-2018-q2-update.win32_1.5.0.202011040924/tools/bin/../lib/gcc/arm-none-eabi/7.3.1/../../../../arm-none-eabi/lib/thumb/v7e-m/fpv5/hard\libc_nano.a
LOAD c:/st/stm32cubeide_1.5.0/stm32cubeide/plugins/com.st.stm32cube.ide.mcu.externaltools.gnu-tools-for-stm32.7-2018-q2-update.win32_1.5.0.202011040924/tools/bin/../lib/gcc/arm-none-eabi/7.3.1/../../../../arm-none-eabi/lib/thumb/v7e-m/fpv5/hard\libm.a
END GROUP
START GROUP
LOAD c:/st/stm32cubeide_1.5.0/stm32cubeide/plugins/com.st.stm32cube.ide.mcu.externaltools.gnu-tools-for-stm32.7-2018-q2-update.win32_1.5.0.202011040924/tools/bin/../lib/gcc/arm-none-eabi/7.3.1/thumb/v7e-m/fpv5/hard\libgcc.a
LOAD c:/st/stm32cubeide_1.5.0/stm32cubeide/plugins/com.st.stm32cube.ide.mcu.externaltools.gnu-tools-for-stm32.7-2018-q2-update.win32_1.5.0.202011040924/tools/bin/../lib/gcc/arm-none-eabi/7.3.1/../../../../arm-none-eabi/lib/thumb/v7e-m/fpv5/hard\libc_nano.a
END GROUP
START GROUP
LOAD c:/st/stm32cubeide_1.5.0/stm32cubeide/plugins/com.st.stm32cube.ide.mcu.externaltools.gnu-tools-for-stm32.7-2018-q2-update.win32_1.5.0.202011040924/tools/bin/../lib/gcc/arm-none-eabi/7.3.1/thumb/v7e-m/fpv5/hard\libgcc.a
LOAD c:/st/stm32cubeide_1.5.0/stm32cubeide/plugins/com.st.stm32cube.ide.mcu.externaltools.gnu-tools-for-stm32.7-2018-q2-update.win32_1.5.0.202011040924/tools/bin/../lib/gcc/arm-none-eabi/7.3.1/../../../../arm-none-eabi/lib/thumb/v7e-m/fpv5/hard\libc_nano.a
LOAD c:/st/stm32cubeide_1.5.0/stm32cubeide/plugins/com.st.stm32cube.ide.mcu.externaltools.gnu-tools-for-stm32.7-2018-q2-update.win32_1.5.0.202011040924/tools/bin/../lib/gcc/arm-none-eabi/7.3.1/../../../../arm-none-eabi/lib/thumb/v7e-m/fpv5/hard\libnosys.a
END GROUP
START GROUP
LOAD c:/st/stm32cubeide_1.5.0/stm32cubeide/plugins/com.st.stm32cube.ide.mcu.externaltools.gnu-tools-for-stm32.7-2018-q2-update.win32_1.5.0.202011040924/tools/bin/../lib/gcc/arm-none-eabi/7.3.1/thumb/v7e-m/fpv5/hard\libgcc.a
LOAD c:/st/stm32cubeide_1.5.0/stm32cubeide/plugins/com.st.stm32cube.ide.mcu.externaltools.gnu-tools-for-stm32.7-2018-q2-update.win32_1.5.0.202011040924/tools/bin/../lib/gcc/arm-none-eabi/7.3.1/../../../../arm-none-eabi/lib/thumb/v7e-m/fpv5/hard\libc_nano.a
LOAD c:/st/stm32cubeide_1.5.0/stm32cubeide/plugins/com.st.stm32cube.ide.mcu.externaltools.gnu-tools-for-stm32.7-2018-q2-update.win32_1.5.0.202011040924/tools/bin/../lib/gcc/arm-none-eabi/7.3.1/../../../../arm-none-eabi/lib/thumb/v7e-m/fpv5/hard\libnosys.a
END GROUP
LOAD c:/st/stm32cubeide_1.5.0/stm32cubeide/plugins/com.st.stm32cube.ide.mcu.externaltools.gnu-tools-for-stm32.7-2018-q2-update.win32_1.5.0.202011040924/tools/bin/../lib/gcc/arm-none-eabi/7.3.1/thumb/v7e-m/fpv5/hard/crtend.o
LOAD c:/st/stm32cubeide_1.5.0/stm32cubeide/plugins/com.st.stm32cube.ide.mcu.externaltools.gnu-tools-for-stm32.7-2018-q2-update.win32_1.5.0.202011040924/tools/bin/../lib/gcc/arm-none-eabi/7.3.1/thumb/v7e-m/fpv5/hard/crtn.o
                0x0000000020080000                _estack = (ORIGIN (RAM) + LENGTH (RAM))
                0x0000000000000200                _Min_Heap_Size = 0x200
                0x0000000000000400                _Min_Stack_Size = 0x400

.isr_vector     0x0000000008000000      0x1f8
                0x0000000008000000                . = ALIGN (0x4)
 *(.isr_vector)
 .isr_vector    0x0000000008000000      0x1f8 Core/Startup/startup_stm32f777vitx.o
                0x0000000008000000                g_pfnVectors
                0x00000000080001f8                . = ALIGN (0x4)

.text           0x00000000080001f8     0x5b60
                0x00000000080001f8                . = ALIGN (0x4)
 *(.text)
 .text          0x00000000080001f8       0x40 c:/st/stm32cubeide_1.5.0/stm32cubeide/plugins/com.st.stm32cube.ide.mcu.externaltools.gnu-tools-for-stm32.7-2018-q2-update.win32_1.5.0.202011040924/tools/bin/../lib/gcc/arm-none-eabi/7.3.1/thumb/v7e-m/fpv5/hard/crtbegin.o
 .text          0x0000000008000238       0x30 c:/st/stm32cubeide_1.5.0/stm32cubeide/plugins/com.st.stm32cube.ide.mcu.externaltools.gnu-tools-for-stm32.7-2018-q2-update.win32_1.5.0.202011040924/tools/bin/../lib/gcc/arm-none-eabi/7.3.1/thumb/v7e-m/fpv5/hard\libgcc.a(_aeabi_uldivmod.o)
                0x0000000008000238                __aeabi_uldivmod
 .text          0x0000000008000268      0x2cc c:/st/stm32cubeide_1.5.0/stm32cubeide/plugins/com.st.stm32cube.ide.mcu.externaltools.gnu-tools-for-stm32.7-2018-q2-update.win32_1.5.0.202011040924/tools/bin/../lib/gcc/arm-none-eabi/7.3.1/thumb/v7e-m/fpv5/hard\libgcc.a(_udivmoddi4.o)
                0x0000000008000268                __udivmoddi4
 .text          0x0000000008000534        0x4 c:/st/stm32cubeide_1.5.0/stm32cubeide/plugins/com.st.stm32cube.ide.mcu.externaltools.gnu-tools-for-stm32.7-2018-q2-update.win32_1.5.0.202011040924/tools/bin/../lib/gcc/arm-none-eabi/7.3.1/thumb/v7e-m/fpv5/hard\libgcc.a(_dvmd_tls.o)
                0x0000000008000534                __aeabi_idiv0
                0x0000000008000534                __aeabi_ldiv0
 *(.text*)
 .text.calcChecksum.9053
                0x0000000008000538       0x4c Core/Src/main.o
 .text.main     0x0000000008000584      0x118 Core/Src/main.o
                0x0000000008000584                main
 .text.CapasityCalc.9060
                0x000000000800069c       0xe4 Core/Src/main.o
 .text.GerilimHesap.9062
                0x0000000008000780       0x60 Core/Src/main.o
 .text.Sicaklik.9064
                0x00000000080007e0       0x54 Core/Src/main.o
 .text.ADSRead.9066
                0x0000000008000834       0x58 Core/Src/main.o
 .text.ADSChecksumControl.9068
                0x000000000800088c       0x5a Core/Src/main.o
 .text.Res.9070
                0x00000000080008e6       0x16 Core/Src/main.o
 .text.CalcCurrentVal.9072
                0x00000000080008fc       0x38 Core/Src/main.o
 .text.CalcSOC.9074
                0x0000000008000934      0x124 Core/Src/main.o
 .text.MaxBataryaSicaklik.9076
                0x0000000008000a58       0x80 Core/Src/main.o
 .text.SystemClock_Config
                0x0000000008000ad8      0x138 Core/Src/main.o
                0x0000000008000ad8                SystemClock_Config
 .text.MX_ADC1_Init
                0x0000000008000c10       0xc0 Core/Src/main.o
 .text.MX_CAN1_Init
                0x0000000008000cd0       0x6c Core/Src/main.o
 .text.MX_RTC_Init
                0x0000000008000d3c       0xb8 Core/Src/main.o
 .text.MX_SPI1_Init
                0x0000000008000df4       0x7c Core/Src/main.o
 .text.MX_UART4_Init
                0x0000000008000e70       0x60 Core/Src/main.o
 .text.MX_UART5_Init
                0x0000000008000ed0       0x60 Core/Src/main.o
 .text.MX_UART7_Init
                0x0000000008000f30       0x60 Core/Src/main.o
 .text.MX_UART8_Init
                0x0000000008000f90       0x60 Core/Src/main.o
 .text.MX_DMA_Init
                0x0000000008000ff0       0x3c Core/Src/main.o
 .text.MX_GPIO_Init
                0x000000000800102c      0x150 Core/Src/main.o
 .text.Error_Handler
                0x000000000800117c        0x8 Core/Src/main.o
                0x000000000800117c                Error_Handler
 .text.HAL_MspInit
                0x0000000008001184       0x48 Core/Src/stm32f7xx_hal_msp.o
                0x0000000008001184                HAL_MspInit
 .text.HAL_ADC_MspInit
                0x00000000080011cc      0x11c Core/Src/stm32f7xx_hal_msp.o
                0x00000000080011cc                HAL_ADC_MspInit
 .text.HAL_CAN_MspInit
                0x00000000080012e8       0x88 Core/Src/stm32f7xx_hal_msp.o
                0x00000000080012e8                HAL_CAN_MspInit
 .text.HAL_RTC_MspInit
                0x0000000008001370       0x34 Core/Src/stm32f7xx_hal_msp.o
                0x0000000008001370                HAL_RTC_MspInit
 .text.HAL_SPI_MspInit
                0x00000000080013a4       0x88 Core/Src/stm32f7xx_hal_msp.o
                0x00000000080013a4                HAL_SPI_MspInit
 .text.HAL_UART_MspInit
                0x000000000800142c      0x1b4 Core/Src/stm32f7xx_hal_msp.o
                0x000000000800142c                HAL_UART_MspInit
 .text.NMI_Handler
                0x00000000080015e0        0x6 Core/Src/stm32f7xx_it.o
                0x00000000080015e0                NMI_Handler
 .text.HardFault_Handler
                0x00000000080015e6        0x6 Core/Src/stm32f7xx_it.o
                0x00000000080015e6                HardFault_Handler
 .text.MemManage_Handler
                0x00000000080015ec        0x6 Core/Src/stm32f7xx_it.o
                0x00000000080015ec                MemManage_Handler
 .text.BusFault_Handler
                0x00000000080015f2        0x6 Core/Src/stm32f7xx_it.o
                0x00000000080015f2                BusFault_Handler
 .text.UsageFault_Handler
                0x00000000080015f8        0x6 Core/Src/stm32f7xx_it.o
                0x00000000080015f8                UsageFault_Handler
 .text.SVC_Handler
                0x00000000080015fe        0xe Core/Src/stm32f7xx_it.o
                0x00000000080015fe                SVC_Handler
 .text.DebugMon_Handler
                0x000000000800160c        0xe Core/Src/stm32f7xx_it.o
                0x000000000800160c                DebugMon_Handler
 .text.PendSV_Handler
                0x000000000800161a        0xe Core/Src/stm32f7xx_it.o
                0x000000000800161a                PendSV_Handler
 .text.SysTick_Handler
                0x0000000008001628        0xc Core/Src/stm32f7xx_it.o
                0x0000000008001628                SysTick_Handler
 .text.DMA2_Stream0_IRQHandler
                0x0000000008001634       0x14 Core/Src/stm32f7xx_it.o
                0x0000000008001634                DMA2_Stream0_IRQHandler
 .text.SystemInit
                0x0000000008001648       0x2c Core/Src/system_stm32f7xx.o
                0x0000000008001648                SystemInit
 .text.Reset_Handler
                0x0000000008001674       0x50 Core/Startup/startup_stm32f777vitx.o
                0x0000000008001674                Reset_Handler
 .text.Default_Handler
                0x00000000080016c4        0x2 Core/Startup/startup_stm32f777vitx.o
                0x00000000080016c4                RTC_Alarm_IRQHandler
                0x00000000080016c4                HASH_RNG_IRQHandler
                0x00000000080016c4                EXTI2_IRQHandler
                0x00000000080016c4                TIM8_CC_IRQHandler
                0x00000000080016c4                UART8_IRQHandler
                0x00000000080016c4                SPI4_IRQHandler
                0x00000000080016c4                TIM1_CC_IRQHandler
                0x00000000080016c4                DMA2_Stream5_IRQHandler
                0x00000000080016c4                JPEG_IRQHandler
                0x00000000080016c4                DMA1_Stream5_IRQHandler
                0x00000000080016c4                CAN3_RX1_IRQHandler
                0x00000000080016c4                PVD_IRQHandler
                0x00000000080016c4                TAMP_STAMP_IRQHandler
                0x00000000080016c4                CAN2_RX1_IRQHandler
                0x00000000080016c4                EXTI3_IRQHandler
                0x00000000080016c4                TIM8_TRG_COM_TIM14_IRQHandler
                0x00000000080016c4                DFSDM1_FLT1_IRQHandler
                0x00000000080016c4                TIM1_UP_TIM10_IRQHandler
                0x00000000080016c4                TIM8_UP_TIM13_IRQHandler
                0x00000000080016c4                I2C3_ER_IRQHandler
                0x00000000080016c4                DFSDM1_FLT2_IRQHandler
                0x00000000080016c4                EXTI0_IRQHandler
                0x00000000080016c4                I2C2_EV_IRQHandler
                0x00000000080016c4                DMA1_Stream2_IRQHandler
                0x00000000080016c4                CAN1_RX0_IRQHandler
                0x00000000080016c4                FPU_IRQHandler
                0x00000000080016c4                OTG_HS_WKUP_IRQHandler
                0x00000000080016c4                CAN3_SCE_IRQHandler
                0x00000000080016c4                LTDC_ER_IRQHandler
                0x00000000080016c4                CAN2_SCE_IRQHandler
                0x00000000080016c4                DMA2_Stream2_IRQHandler
                0x00000000080016c4                SPI1_IRQHandler
                0x00000000080016c4                TIM6_DAC_IRQHandler
                0x00000000080016c4                TIM1_BRK_TIM9_IRQHandler
                0x00000000080016c4                DCMI_IRQHandler
                0x00000000080016c4                CAN2_RX0_IRQHandler
                0x00000000080016c4                DMA2_Stream3_IRQHandler
                0x00000000080016c4                SAI2_IRQHandler
                0x00000000080016c4                DFSDM1_FLT3_IRQHandler
                0x00000000080016c4                USART6_IRQHandler
                0x00000000080016c4                CAN3_RX0_IRQHandler
                0x00000000080016c4                USART3_IRQHandler
                0x00000000080016c4                CRYP_IRQHandler
                0x00000000080016c4                CAN1_RX1_IRQHandler
                0x00000000080016c4                UART5_IRQHandler
                0x00000000080016c4                TIM4_IRQHandler
                0x00000000080016c4                QUADSPI_IRQHandler
                0x00000000080016c4                I2C1_EV_IRQHandler
                0x00000000080016c4                DMA1_Stream6_IRQHandler
                0x00000000080016c4                DMA1_Stream1_IRQHandler
                0x00000000080016c4                UART4_IRQHandler
                0x00000000080016c4                TIM3_IRQHandler
                0x00000000080016c4                RCC_IRQHandler
                0x00000000080016c4                TIM8_BRK_TIM12_IRQHandler
                0x00000000080016c4                Default_Handler
                0x00000000080016c4                CEC_IRQHandler
                0x00000000080016c4                EXTI15_10_IRQHandler
                0x00000000080016c4                ADC_IRQHandler
                0x00000000080016c4                DMA1_Stream7_IRQHandler
                0x00000000080016c4                SPI5_IRQHandler
                0x00000000080016c4                TIM7_IRQHandler
                0x00000000080016c4                SDMMC1_IRQHandler
                0x00000000080016c4                CAN2_TX_IRQHandler
                0x00000000080016c4                TIM5_IRQHandler
                0x00000000080016c4                DMA2_Stream7_IRQHandler
                0x00000000080016c4                I2C3_EV_IRQHandler
                0x00000000080016c4                EXTI9_5_IRQHandler
                0x00000000080016c4                RTC_WKUP_IRQHandler
                0x00000000080016c4                LTDC_IRQHandler
                0x00000000080016c4                ETH_WKUP_IRQHandler
                0x00000000080016c4                SPDIF_RX_IRQHandler
                0x00000000080016c4                SPI2_IRQHandler
                0x00000000080016c4                OTG_HS_EP1_IN_IRQHandler
                0x00000000080016c4                DMA1_Stream0_IRQHandler
                0x00000000080016c4                CAN1_TX_IRQHandler
                0x00000000080016c4                EXTI4_IRQHandler
                0x00000000080016c4                ETH_IRQHandler
                0x00000000080016c4                OTG_HS_EP1_OUT_IRQHandler
                0x00000000080016c4                WWDG_IRQHandler
                0x00000000080016c4                SPI6_IRQHandler
                0x00000000080016c4                MDIOS_IRQHandler
                0x00000000080016c4                I2C4_EV_IRQHandler
                0x00000000080016c4                CAN3_TX_IRQHandler
                0x00000000080016c4                TIM2_IRQHandler
                0x00000000080016c4                OTG_FS_WKUP_IRQHandler
                0x00000000080016c4                TIM1_TRG_COM_TIM11_IRQHandler
                0x00000000080016c4                OTG_HS_IRQHandler
                0x00000000080016c4                DMA2D_IRQHandler
                0x00000000080016c4                EXTI1_IRQHandler
                0x00000000080016c4                SDMMC2_IRQHandler
                0x00000000080016c4                UART7_IRQHandler
                0x00000000080016c4                USART2_IRQHandler
                0x00000000080016c4                DFSDM1_FLT0_IRQHandler
                0x00000000080016c4                I2C2_ER_IRQHandler
                0x00000000080016c4                DMA2_Stream1_IRQHandler
                0x00000000080016c4                CAN1_SCE_IRQHandler
                0x00000000080016c4                FLASH_IRQHandler
                0x00000000080016c4                DMA2_Stream4_IRQHandler
                0x00000000080016c4                USART1_IRQHandler
                0x00000000080016c4                OTG_FS_IRQHandler
                0x00000000080016c4                SPI3_IRQHandler
                0x00000000080016c4                DMA1_Stream4_IRQHandler
                0x00000000080016c4                I2C1_ER_IRQHandler
                0x00000000080016c4                FMC_IRQHandler
                0x00000000080016c4                LPTIM1_IRQHandler
                0x00000000080016c4                I2C4_ER_IRQHandler
                0x00000000080016c4                DMA2_Stream6_IRQHandler
                0x00000000080016c4                SAI1_IRQHandler
                0x00000000080016c4                DMA1_Stream3_IRQHandler
 .text.HAL_Init
                0x00000000080016c6       0x1a Drivers/STM32F7xx_HAL_Driver/Src/stm32f7xx_hal.o
                0x00000000080016c6                HAL_Init
 .text.HAL_InitTick
                0x00000000080016e0       0x60 Drivers/STM32F7xx_HAL_Driver/Src/stm32f7xx_hal.o
                0x00000000080016e0                HAL_InitTick
 .text.HAL_IncTick
                0x0000000008001740       0x28 Drivers/STM32F7xx_HAL_Driver/Src/stm32f7xx_hal.o
                0x0000000008001740                HAL_IncTick
 .text.HAL_GetTick
                0x0000000008001768       0x18 Drivers/STM32F7xx_HAL_Driver/Src/stm32f7xx_hal.o
                0x0000000008001768                HAL_GetTick
 .text.HAL_ADC_Init
                0x0000000008001780       0x88 Drivers/STM32F7xx_HAL_Driver/Src/stm32f7xx_hal_adc.o
                0x0000000008001780                HAL_ADC_Init
 .text.HAL_ADC_Start_DMA
                0x0000000008001808      0x1dc Drivers/STM32F7xx_HAL_Driver/Src/stm32f7xx_hal_adc.o
                0x0000000008001808                HAL_ADC_Start_DMA
 .text.HAL_ADC_ConvCpltCallback
                0x00000000080019e4       0x14 Drivers/STM32F7xx_HAL_Driver/Src/stm32f7xx_hal_adc.o
                0x00000000080019e4                HAL_ADC_ConvCpltCallback
 .text.HAL_ADC_ConvHalfCpltCallback
                0x00000000080019f8       0x14 Drivers/STM32F7xx_HAL_Driver/Src/stm32f7xx_hal_adc.o
                0x00000000080019f8                HAL_ADC_ConvHalfCpltCallback
 .text.HAL_ADC_ErrorCallback
                0x0000000008001a0c       0x14 Drivers/STM32F7xx_HAL_Driver/Src/stm32f7xx_hal_adc.o
                0x0000000008001a0c                HAL_ADC_ErrorCallback
 .text.HAL_ADC_ConfigChannel
                0x0000000008001a20      0x294 Drivers/STM32F7xx_HAL_Driver/Src/stm32f7xx_hal_adc.o
                0x0000000008001a20                HAL_ADC_ConfigChannel
 .text.ADC_Init
                0x0000000008001cb4      0x1f4 Drivers/STM32F7xx_HAL_Driver/Src/stm32f7xx_hal_adc.o
 .text.ADC_DMAConvCplt
                0x0000000008001ea8       0xba Drivers/STM32F7xx_HAL_Driver/Src/stm32f7xx_hal_adc.o
 .text.ADC_DMAHalfConvCplt
                0x0000000008001f62       0x1c Drivers/STM32F7xx_HAL_Driver/Src/stm32f7xx_hal_adc.o
 .text.ADC_DMAError
                0x0000000008001f7e       0x2e Drivers/STM32F7xx_HAL_Driver/Src/stm32f7xx_hal_adc.o
 .text.HAL_CAN_Init
                0x0000000008001fac      0x1f6 Drivers/STM32F7xx_HAL_Driver/Src/stm32f7xx_hal_can.o
                0x0000000008001fac                HAL_CAN_Init
 *fill*         0x00000000080021a2        0x2 
 .text.__NVIC_SetPriorityGrouping
                0x00000000080021a4       0x48 Drivers/STM32F7xx_HAL_Driver/Src/stm32f7xx_hal_cortex.o
 .text.__NVIC_GetPriorityGrouping
                0x00000000080021ec       0x1c Drivers/STM32F7xx_HAL_Driver/Src/stm32f7xx_hal_cortex.o
 .text.__NVIC_EnableIRQ
                0x0000000008002208       0x3c Drivers/STM32F7xx_HAL_Driver/Src/stm32f7xx_hal_cortex.o
 .text.__NVIC_SetPriority
                0x0000000008002244       0x54 Drivers/STM32F7xx_HAL_Driver/Src/stm32f7xx_hal_cortex.o
 .text.NVIC_EncodePriority
                0x0000000008002298       0x66 Drivers/STM32F7xx_HAL_Driver/Src/stm32f7xx_hal_cortex.o
 *fill*         0x00000000080022fe        0x2 
 .text.SysTick_Config
                0x0000000008002300       0x44 Drivers/STM32F7xx_HAL_Driver/Src/stm32f7xx_hal_cortex.o
 .text.HAL_NVIC_SetPriorityGrouping
                0x0000000008002344       0x16 Drivers/STM32F7xx_HAL_Driver/Src/stm32f7xx_hal_cortex.o
                0x0000000008002344                HAL_NVIC_SetPriorityGrouping
 .text.HAL_NVIC_SetPriority
                0x000000000800235a       0x38 Drivers/STM32F7xx_HAL_Driver/Src/stm32f7xx_hal_cortex.o
                0x000000000800235a                HAL_NVIC_SetPriority
 .text.HAL_NVIC_EnableIRQ
                0x0000000008002392       0x1c Drivers/STM32F7xx_HAL_Driver/Src/stm32f7xx_hal_cortex.o
                0x0000000008002392                HAL_NVIC_EnableIRQ
 .text.HAL_SYSTICK_Config
                0x00000000080023ae       0x18 Drivers/STM32F7xx_HAL_Driver/Src/stm32f7xx_hal_cortex.o
                0x00000000080023ae                HAL_SYSTICK_Config
 *fill*         0x00000000080023c6        0x2 
 .text.HAL_DMA_Init
                0x00000000080023c8      0x15c Drivers/STM32F7xx_HAL_Driver/Src/stm32f7xx_hal_dma.o
                0x00000000080023c8                HAL_DMA_Init
 .text.HAL_DMA_Start_IT
                0x0000000008002524       0xc0 Drivers/STM32F7xx_HAL_Driver/Src/stm32f7xx_hal_dma.o
                0x0000000008002524                HAL_DMA_Start_IT
 .text.HAL_DMA_IRQHandler
                0x00000000080025e4      0x314 Drivers/STM32F7xx_HAL_Driver/Src/stm32f7xx_hal_dma.o
                0x00000000080025e4                HAL_DMA_IRQHandler
 .text.DMA_SetConfig
                0x00000000080028f8       0x5c Drivers/STM32F7xx_HAL_Driver/Src/stm32f7xx_hal_dma.o
 .text.DMA_CalcBaseAndBitshift
                0x0000000008002954       0x6c Drivers/STM32F7xx_HAL_Driver/Src/stm32f7xx_hal_dma.o
 .text.DMA_CheckFifoParam
                0x00000000080029c0       0xf4 Drivers/STM32F7xx_HAL_Driver/Src/stm32f7xx_hal_dma.o
 .text.HAL_GPIO_Init
                0x0000000008002ab4      0x354 Drivers/STM32F7xx_HAL_Driver/Src/stm32f7xx_hal_gpio.o
                0x0000000008002ab4                HAL_GPIO_Init
 .text.HAL_GPIO_ReadPin
                0x0000000008002e08       0x30 Drivers/STM32F7xx_HAL_Driver/Src/stm32f7xx_hal_gpio.o
                0x0000000008002e08                HAL_GPIO_ReadPin
 .text.HAL_GPIO_WritePin
                0x0000000008002e38       0x32 Drivers/STM32F7xx_HAL_Driver/Src/stm32f7xx_hal_gpio.o
                0x0000000008002e38                HAL_GPIO_WritePin
 *fill*         0x0000000008002e6a        0x2 
 .text.HAL_PWREx_EnableOverDrive
                0x0000000008002e6c       0xa0 Drivers/STM32F7xx_HAL_Driver/Src/stm32f7xx_hal_pwr_ex.o
                0x0000000008002e6c                HAL_PWREx_EnableOverDrive
 .text.HAL_RCC_OscConfig
                0x0000000008002f0c      0x55c Drivers/STM32F7xx_HAL_Driver/Src/stm32f7xx_hal_rcc.o
                0x0000000008002f0c                HAL_RCC_OscConfig
 .text.HAL_RCC_ClockConfig
                0x0000000008003468      0x1d8 Drivers/STM32F7xx_HAL_Driver/Src/stm32f7xx_hal_rcc.o
                0x0000000008003468                HAL_RCC_ClockConfig
 .text.HAL_RCC_GetSysClockFreq
                0x0000000008003640      0x1b0 Drivers/STM32F7xx_HAL_Driver/Src/stm32f7xx_hal_rcc.o
                0x0000000008003640                HAL_RCC_GetSysClockFreq
 .text.HAL_RCC_GetHCLKFreq
                0x00000000080037f0       0x18 Drivers/STM32F7xx_HAL_Driver/Src/stm32f7xx_hal_rcc.o
                0x00000000080037f0                HAL_RCC_GetHCLKFreq
 .text.HAL_RCC_GetPCLK1Freq
                0x0000000008003808       0x28 Drivers/STM32F7xx_HAL_Driver/Src/stm32f7xx_hal_rcc.o
                0x0000000008003808                HAL_RCC_GetPCLK1Freq
 .text.HAL_RCC_GetPCLK2Freq
                0x0000000008003830       0x28 Drivers/STM32F7xx_HAL_Driver/Src/stm32f7xx_hal_rcc.o
                0x0000000008003830                HAL_RCC_GetPCLK2Freq
 .text.HAL_RCCEx_PeriphCLKConfig
                0x0000000008003858      0x84c Drivers/STM32F7xx_HAL_Driver/Src/stm32f7xx_hal_rcc_ex.o
                0x0000000008003858                HAL_RCCEx_PeriphCLKConfig
 .text.HAL_RTC_Init
                0x00000000080040a4       0xf8 Drivers/STM32F7xx_HAL_Driver/Src/stm32f7xx_hal_rtc.o
                0x00000000080040a4                HAL_RTC_Init
 .text.HAL_RTC_SetTime
                0x000000000800419c      0x17c Drivers/STM32F7xx_HAL_Driver/Src/stm32f7xx_hal_rtc.o
                0x000000000800419c                HAL_RTC_SetTime
 .text.HAL_RTC_GetTime
                0x0000000008004318       0xbc Drivers/STM32F7xx_HAL_Driver/Src/stm32f7xx_hal_rtc.o
                0x0000000008004318                HAL_RTC_GetTime
 .text.HAL_RTC_SetDate
                0x00000000080043d4      0x150 Drivers/STM32F7xx_HAL_Driver/Src/stm32f7xx_hal_rtc.o
                0x00000000080043d4                HAL_RTC_SetDate
 .text.HAL_RTC_GetDate
                0x0000000008004524       0xa0 Drivers/STM32F7xx_HAL_Driver/Src/stm32f7xx_hal_rtc.o
                0x0000000008004524                HAL_RTC_GetDate
 .text.HAL_RTC_WaitForSynchro
                0x00000000080045c4       0x50 Drivers/STM32F7xx_HAL_Driver/Src/stm32f7xx_hal_rtc.o
                0x00000000080045c4                HAL_RTC_WaitForSynchro
 .text.RTC_EnterInitMode
                0x0000000008004614       0x58 Drivers/STM32F7xx_HAL_Driver/Src/stm32f7xx_hal_rtc.o
                0x0000000008004614                RTC_EnterInitMode
 .text.RTC_ByteToBcd2
                0x000000000800466c       0x3c Drivers/STM32F7xx_HAL_Driver/Src/stm32f7xx_hal_rtc.o
                0x000000000800466c                RTC_ByteToBcd2
 .text.RTC_Bcd2ToByte
                0x00000000080046a8       0x3c Drivers/STM32F7xx_HAL_Driver/Src/stm32f7xx_hal_rtc.o
                0x00000000080046a8                RTC_Bcd2ToByte
 .text.HAL_SPI_Init
                0x00000000080046e4      0x124 Drivers/STM32F7xx_HAL_Driver/Src/stm32f7xx_hal_spi.o
                0x00000000080046e4                HAL_SPI_Init
 .text.HAL_SPI_Transmit
                0x0000000008004808      0x2cc Drivers/STM32F7xx_HAL_Driver/Src/stm32f7xx_hal_spi.o
                0x0000000008004808                HAL_SPI_Transmit
 .text.HAL_SPI_Receive
                0x0000000008004ad4      0x250 Drivers/STM32F7xx_HAL_Driver/Src/stm32f7xx_hal_spi.o
                0x0000000008004ad4                HAL_SPI_Receive
 .text.HAL_SPI_TransmitReceive
                0x0000000008004d24      0x426 Drivers/STM32F7xx_HAL_Driver/Src/stm32f7xx_hal_spi.o
                0x0000000008004d24                HAL_SPI_TransmitReceive
 .text.SPI_WaitFlagStateUntilTimeout
                0x000000000800514a       0xd4 Drivers/STM32F7xx_HAL_Driver/Src/stm32f7xx_hal_spi.o
 .text.SPI_WaitFifoStateUntilTimeout
                0x000000000800521e       0xda Drivers/STM32F7xx_HAL_Driver/Src/stm32f7xx_hal_spi.o
 .text.SPI_EndRxTransaction
                0x00000000080052f8       0xb0 Drivers/STM32F7xx_HAL_Driver/Src/stm32f7xx_hal_spi.o
 .text.SPI_EndRxTxTransaction
                0x00000000080053a8       0x8c Drivers/STM32F7xx_HAL_Driver/Src/stm32f7xx_hal_spi.o
 .text.HAL_UART_Init
                0x0000000008005434       0x9c Drivers/STM32F7xx_HAL_Driver/Src/stm32f7xx_hal_uart.o
                0x0000000008005434                HAL_UART_Init
 .text.UART_SetConfig
                0x00000000080054d0      0x554 Drivers/STM32F7xx_HAL_Driver/Src/stm32f7xx_hal_uart.o
                0x00000000080054d0                UART_SetConfig
 .text.UART_AdvFeatureConfig
                0x0000000008005a24      0x144 Drivers/STM32F7xx_HAL_Driver/Src/stm32f7xx_hal_uart.o
                0x0000000008005a24                UART_AdvFeatureConfig
 .text.UART_CheckIdleState
                0x0000000008005b68       0x8a Drivers/STM32F7xx_HAL_Driver/Src/stm32f7xx_hal_uart.o
                0x0000000008005b68                UART_CheckIdleState
 .text.UART_WaitOnFlagUntilTimeout
                0x0000000008005bf2       0xf6 Drivers/STM32F7xx_HAL_Driver/Src/stm32f7xx_hal_uart.o
                0x0000000008005bf2                UART_WaitOnFlagUntilTimeout
 .text.__libc_init_array
                0x0000000008005ce8       0x48 c:/st/stm32cubeide_1.5.0/stm32cubeide/plugins/com.st.stm32cube.ide.mcu.externaltools.gnu-tools-for-stm32.7-2018-q2-update.win32_1.5.0.202011040924/tools/bin/../lib/gcc/arm-none-eabi/7.3.1/../../../../arm-none-eabi/lib/thumb/v7e-m/fpv5/hard\libc_nano.a(lib_a-init.o)
                0x0000000008005ce8                __libc_init_array
 .text.memset   0x0000000008005d30       0x10 c:/st/stm32cubeide_1.5.0/stm32cubeide/plugins/com.st.stm32cube.ide.mcu.externaltools.gnu-tools-for-stm32.7-2018-q2-update.win32_1.5.0.202011040924/tools/bin/../lib/gcc/arm-none-eabi/7.3.1/../../../../arm-none-eabi/lib/thumb/v7e-m/fpv5/hard\libc_nano.a(lib_a-memset.o)
                0x0000000008005d30                memset
 *(.glue_7)
 .glue_7        0x0000000008005d40        0x0 linker stubs
 *(.glue_7t)
 .glue_7t       0x0000000008005d40        0x0 linker stubs
 *(.eh_frame)
 .eh_frame      0x0000000008005d40        0x0 c:/st/stm32cubeide_1.5.0/stm32cubeide/plugins/com.st.stm32cube.ide.mcu.externaltools.gnu-tools-for-stm32.7-2018-q2-update.win32_1.5.0.202011040924/tools/bin/../lib/gcc/arm-none-eabi/7.3.1/thumb/v7e-m/fpv5/hard/crtbegin.o
 *(.init)
 .init          0x0000000008005d40        0x4 c:/st/stm32cubeide_1.5.0/stm32cubeide/plugins/com.st.stm32cube.ide.mcu.externaltools.gnu-tools-for-stm32.7-2018-q2-update.win32_1.5.0.202011040924/tools/bin/../lib/gcc/arm-none-eabi/7.3.1/thumb/v7e-m/fpv5/hard/crti.o
                0x0000000008005d40                _init
 .init          0x0000000008005d44        0x8 c:/st/stm32cubeide_1.5.0/stm32cubeide/plugins/com.st.stm32cube.ide.mcu.externaltools.gnu-tools-for-stm32.7-2018-q2-update.win32_1.5.0.202011040924/tools/bin/../lib/gcc/arm-none-eabi/7.3.1/thumb/v7e-m/fpv5/hard/crtn.o
 *(.fini)
 .fini          0x0000000008005d4c        0x4 c:/st/stm32cubeide_1.5.0/stm32cubeide/plugins/com.st.stm32cube.ide.mcu.externaltools.gnu-tools-for-stm32.7-2018-q2-update.win32_1.5.0.202011040924/tools/bin/../lib/gcc/arm-none-eabi/7.3.1/thumb/v7e-m/fpv5/hard/crti.o
                0x0000000008005d4c                _fini
 .fini          0x0000000008005d50        0x8 c:/st/stm32cubeide_1.5.0/stm32cubeide/plugins/com.st.stm32cube.ide.mcu.externaltools.gnu-tools-for-stm32.7-2018-q2-update.win32_1.5.0.202011040924/tools/bin/../lib/gcc/arm-none-eabi/7.3.1/thumb/v7e-m/fpv5/hard/crtn.o
                0x0000000008005d58                . = ALIGN (0x4)
                0x0000000008005d58                _etext = .

.vfp11_veneer   0x0000000008005d58        0x0
 .vfp11_veneer  0x0000000008005d58        0x0 linker stubs

.v4_bx          0x0000000008005d58        0x0
 .v4_bx         0x0000000008005d58        0x0 linker stubs

.iplt           0x0000000008005d58        0x0
 .iplt          0x0000000008005d58        0x0 c:/st/stm32cubeide_1.5.0/stm32cubeide/plugins/com.st.stm32cube.ide.mcu.externaltools.gnu-tools-for-stm32.7-2018-q2-update.win32_1.5.0.202011040924/tools/bin/../lib/gcc/arm-none-eabi/7.3.1/thumb/v7e-m/fpv5/hard/crtbegin.o

.rodata         0x0000000008005d58       0x20
                0x0000000008005d58                . = ALIGN (0x4)
 *(.rodata)
 *(.rodata*)
 .rodata.AHBPrescTable
                0x0000000008005d58       0x10 Core/Src/system_stm32f7xx.o
                0x0000000008005d58                AHBPrescTable
 .rodata.APBPrescTable
                0x0000000008005d68        0x8 Core/Src/system_stm32f7xx.o
                0x0000000008005d68                APBPrescTable
 .rodata.flagBitshiftOffset.9104
                0x0000000008005d70        0x8 Drivers/STM32F7xx_HAL_Driver/Src/stm32f7xx_hal_dma.o
                0x0000000008005d78                . = ALIGN (0x4)

.ARM.extab      0x0000000008005d78        0x0
                0x0000000008005d78                . = ALIGN (0x4)
 *(.ARM.extab* .gnu.linkonce.armextab.*)
                0x0000000008005d78                . = ALIGN (0x4)

.ARM            0x0000000008005d78        0x8
                0x0000000008005d78                . = ALIGN (0x4)
                0x0000000008005d78                __exidx_start = .
 *(.ARM.exidx*)
 .ARM.exidx     0x0000000008005d78        0x8 c:/st/stm32cubeide_1.5.0/stm32cubeide/plugins/com.st.stm32cube.ide.mcu.externaltools.gnu-tools-for-stm32.7-2018-q2-update.win32_1.5.0.202011040924/tools/bin/../lib/gcc/arm-none-eabi/7.3.1/thumb/v7e-m/fpv5/hard\libgcc.a(_udivmoddi4.o)
                0x0000000008005d80                __exidx_end = .
                0x0000000008005d80                . = ALIGN (0x4)

.rel.dyn        0x0000000008005d80        0x0
 .rel.iplt      0x0000000008005d80        0x0 c:/st/stm32cubeide_1.5.0/stm32cubeide/plugins/com.st.stm32cube.ide.mcu.externaltools.gnu-tools-for-stm32.7-2018-q2-update.win32_1.5.0.202011040924/tools/bin/../lib/gcc/arm-none-eabi/7.3.1/thumb/v7e-m/fpv5/hard/crtbegin.o

.preinit_array  0x0000000008005d80        0x0
                0x0000000008005d80                . = ALIGN (0x4)
                0x0000000008005d80                PROVIDE (__preinit_array_start = .)
 *(.preinit_array*)
                0x0000000008005d80                PROVIDE (__preinit_array_end = .)
                0x0000000008005d80                . = ALIGN (0x4)

.init_array     0x0000000008005d80        0x4
                0x0000000008005d80                . = ALIGN (0x4)
                0x0000000008005d80                PROVIDE (__init_array_start = .)
 *(SORT_BY_NAME(.init_array.*))
 *(.init_array*)
 .init_array    0x0000000008005d80        0x4 c:/st/stm32cubeide_1.5.0/stm32cubeide/plugins/com.st.stm32cube.ide.mcu.externaltools.gnu-tools-for-stm32.7-2018-q2-update.win32_1.5.0.202011040924/tools/bin/../lib/gcc/arm-none-eabi/7.3.1/thumb/v7e-m/fpv5/hard/crtbegin.o
                0x0000000008005d84                PROVIDE (__init_array_end = .)
                0x0000000008005d84                . = ALIGN (0x4)

.fini_array     0x0000000008005d84        0x4
                0x0000000008005d84                . = ALIGN (0x4)
                [!provide]                        PROVIDE (__fini_array_start = .)
 *(SORT_BY_NAME(.fini_array.*))
 *(.fini_array*)
 .fini_array    0x0000000008005d84        0x4 c:/st/stm32cubeide_1.5.0/stm32cubeide/plugins/com.st.stm32cube.ide.mcu.externaltools.gnu-tools-for-stm32.7-2018-q2-update.win32_1.5.0.202011040924/tools/bin/../lib/gcc/arm-none-eabi/7.3.1/thumb/v7e-m/fpv5/hard/crtbegin.o
                [!provide]                        PROVIDE (__fini_array_end = .)
                0x0000000008005d88                . = ALIGN (0x4)
                0x0000000008005d88                _sidata = LOADADDR (.data)

.data           0x0000000020000000        0xc load address 0x0000000008005d88
                0x0000000020000000                . = ALIGN (0x4)
                0x0000000020000000                _sdata = .
 *(.data)
 *(.data*)
 .data.SystemCoreClock
                0x0000000020000000        0x4 Core/Src/system_stm32f7xx.o
                0x0000000020000000                SystemCoreClock
 .data.uwTickPrio
                0x0000000020000004        0x4 Drivers/STM32F7xx_HAL_Driver/Src/stm32f7xx_hal.o
                0x0000000020000004                uwTickPrio
 .data.uwTickFreq
                0x0000000020000008        0x1 Drivers/STM32F7xx_HAL_Driver/Src/stm32f7xx_hal.o
                0x0000000020000008                uwTickFreq
 *(.RamFunc)
 *(.RamFunc*)
                0x000000002000000c                . = ALIGN (0x4)
 *fill*         0x0000000020000009        0x3 
                0x000000002000000c                _edata = .

.igot.plt       0x000000002000000c        0x0 load address 0x0000000008005d94
 .igot.plt      0x000000002000000c        0x0 c:/st/stm32cubeide_1.5.0/stm32cubeide/plugins/com.st.stm32cube.ide.mcu.externaltools.gnu-tools-for-stm32.7-2018-q2-update.win32_1.5.0.202011040924/tools/bin/../lib/gcc/arm-none-eabi/7.3.1/thumb/v7e-m/fpv5/hard/crtbegin.o
                0x000000002000000c                . = ALIGN (0x4)

.bss            0x000000002000000c      0x374 load address 0x0000000008005d94
                0x000000002000000c                _sbss = .
                0x000000002000000c                __bss_start__ = _sbss
 *(.bss)
 .bss           0x000000002000000c       0x1c c:/st/stm32cubeide_1.5.0/stm32cubeide/plugins/com.st.stm32cube.ide.mcu.externaltools.gnu-tools-for-stm32.7-2018-q2-update.win32_1.5.0.202011040924/tools/bin/../lib/gcc/arm-none-eabi/7.3.1/thumb/v7e-m/fpv5/hard/crtbegin.o
 *(.bss*)
 *(COMMON)
 COMMON         0x0000000020000028      0x354 Core/Src/main.o
                0x0000000020000028                huart7
                0x00000000200000a8                huart5
                0x0000000020000128                hadc1
                0x0000000020000170                hdma_adc1
                0x00000000200001d0                hrtc
                0x00000000200001f0                huart8
                0x0000000020000270                huart4
                0x00000000200002f0                hspi1
                0x0000000020000354                hcan1
 COMMON         0x000000002000037c        0x4 Drivers/STM32F7xx_HAL_Driver/Src/stm32f7xx_hal.o
                0x000000002000037c                uwTick
                0x0000000020000380                . = ALIGN (0x4)
                0x0000000020000380                _ebss = .
                0x0000000020000380                __bss_end__ = _ebss

._user_heap_stack
                0x0000000020000380      0x600 load address 0x0000000008005d94
                0x0000000020000380                . = ALIGN (0x8)
                [!provide]                        PROVIDE (end = .)
                0x0000000020000380                PROVIDE (_end = .)
                0x0000000020000580                . = (. + _Min_Heap_Size)
 *fill*         0x0000000020000380      0x200 
                0x0000000020000980                . = (. + _Min_Stack_Size)
 *fill*         0x0000000020000580      0x400 
                0x0000000020000980                . = ALIGN (0x8)

/DISCARD/
 libc.a(*)
 libm.a(*)
 libgcc.a(*)

.ARM.attributes
                0x0000000000000000       0x2e
 *(.ARM.attributes)
 .ARM.attributes
                0x0000000000000000       0x20 c:/st/stm32cubeide_1.5.0/stm32cubeide/plugins/com.st.stm32cube.ide.mcu.externaltools.gnu-tools-for-stm32.7-2018-q2-update.win32_1.5.0.202011040924/tools/bin/../lib/gcc/arm-none-eabi/7.3.1/thumb/v7e-m/fpv5/hard/crti.o
 .ARM.attributes
                0x0000000000000020       0x32 c:/st/stm32cubeide_1.5.0/stm32cubeide/plugins/com.st.stm32cube.ide.mcu.externaltools.gnu-tools-for-stm32.7-2018-q2-update.win32_1.5.0.202011040924/tools/bin/../lib/gcc/arm-none-eabi/7.3.1/thumb/v7e-m/fpv5/hard/crtbegin.o
 .ARM.attributes
                0x0000000000000052       0x37 Core/Src/main.o
 .ARM.attributes
                0x0000000000000089       0x37 Core/Src/stm32f7xx_hal_msp.o
 .ARM.attributes
                0x00000000000000c0       0x37 Core/Src/stm32f7xx_it.o
 .ARM.attributes
                0x00000000000000f7       0x37 Core/Src/system_stm32f7xx.o
 .ARM.attributes
                0x000000000000012e       0x21 Core/Startup/startup_stm32f777vitx.o
 .ARM.attributes
                0x000000000000014f       0x37 Drivers/STM32F7xx_HAL_Driver/Src/stm32f7xx_hal.o
 .ARM.attributes
                0x0000000000000186       0x37 Drivers/STM32F7xx_HAL_Driver/Src/stm32f7xx_hal_adc.o
 .ARM.attributes
                0x00000000000001bd       0x37 Drivers/STM32F7xx_HAL_Driver/Src/stm32f7xx_hal_can.o
 .ARM.attributes
                0x00000000000001f4       0x37 Drivers/STM32F7xx_HAL_Driver/Src/stm32f7xx_hal_cortex.o
 .ARM.attributes
                0x000000000000022b       0x37 Drivers/STM32F7xx_HAL_Driver/Src/stm32f7xx_hal_dma.o
 .ARM.attributes
                0x0000000000000262       0x37 Drivers/STM32F7xx_HAL_Driver/Src/stm32f7xx_hal_gpio.o
 .ARM.attributes
                0x0000000000000299       0x37 Drivers/STM32F7xx_HAL_Driver/Src/stm32f7xx_hal_pwr_ex.o
 .ARM.attributes
                0x00000000000002d0       0x37 Drivers/STM32F7xx_HAL_Driver/Src/stm32f7xx_hal_rcc.o
 .ARM.attributes
                0x0000000000000307       0x37 Drivers/STM32F7xx_HAL_Driver/Src/stm32f7xx_hal_rcc_ex.o
 .ARM.attributes
                0x000000000000033e       0x37 Drivers/STM32F7xx_HAL_Driver/Src/stm32f7xx_hal_rtc.o
 .ARM.attributes
                0x0000000000000375       0x37 Drivers/STM32F7xx_HAL_Driver/Src/stm32f7xx_hal_spi.o
 .ARM.attributes
                0x00000000000003ac       0x37 Drivers/STM32F7xx_HAL_Driver/Src/stm32f7xx_hal_uart.o
 .ARM.attributes
                0x00000000000003e3       0x32 c:/st/stm32cubeide_1.5.0/stm32cubeide/plugins/com.st.stm32cube.ide.mcu.externaltools.gnu-tools-for-stm32.7-2018-q2-update.win32_1.5.0.202011040924/tools/bin/../lib/gcc/arm-none-eabi/7.3.1/../../../../arm-none-eabi/lib/thumb/v7e-m/fpv5/hard\libc_nano.a(lib_a-init.o)
 .ARM.attributes
                0x0000000000000415       0x32 c:/st/stm32cubeide_1.5.0/stm32cubeide/plugins/com.st.stm32cube.ide.mcu.externaltools.gnu-tools-for-stm32.7-2018-q2-update.win32_1.5.0.202011040924/tools/bin/../lib/gcc/arm-none-eabi/7.3.1/../../../../arm-none-eabi/lib/thumb/v7e-m/fpv5/hard\libc_nano.a(lib_a-memset.o)
 .ARM.attributes
                0x0000000000000447       0x20 c:/st/stm32cubeide_1.5.0/stm32cubeide/plugins/com.st.stm32cube.ide.mcu.externaltools.gnu-tools-for-stm32.7-2018-q2-update.win32_1.5.0.202011040924/tools/bin/../lib/gcc/arm-none-eabi/7.3.1/thumb/v7e-m/fpv5/hard\libgcc.a(_aeabi_uldivmod.o)
 .ARM.attributes
                0x0000000000000467       0x32 c:/st/stm32cubeide_1.5.0/stm32cubeide/plugins/com.st.stm32cube.ide.mcu.externaltools.gnu-tools-for-stm32.7-2018-q2-update.win32_1.5.0.202011040924/tools/bin/../lib/gcc/arm-none-eabi/7.3.1/thumb/v7e-m/fpv5/hard\libgcc.a(_udivmoddi4.o)
 .ARM.attributes
                0x0000000000000499       0x20 c:/st/stm32cubeide_1.5.0/stm32cubeide/plugins/com.st.stm32cube.ide.mcu.externaltools.gnu-tools-for-stm32.7-2018-q2-update.win32_1.5.0.202011040924/tools/bin/../lib/gcc/arm-none-eabi/7.3.1/thumb/v7e-m/fpv5/hard\libgcc.a(_dvmd_tls.o)
 .ARM.attributes
                0x00000000000004b9       0x20 c:/st/stm32cubeide_1.5.0/stm32cubeide/plugins/com.st.stm32cube.ide.mcu.externaltools.gnu-tools-for-stm32.7-2018-q2-update.win32_1.5.0.202011040924/tools/bin/../lib/gcc/arm-none-eabi/7.3.1/thumb/v7e-m/fpv5/hard/crtn.o
OUTPUT(SPI_ADS.elf elf32-littlearm)

.debug_info     0x0000000000000000     0xe76b
 .debug_info    0x0000000000000000     0x2579 Core/Src/main.o
 .debug_info    0x0000000000002579     0x1918 Core/Src/stm32f7xx_hal_msp.o
 .debug_info    0x0000000000003e91      0x473 Core/Src/stm32f7xx_it.o
 .debug_info    0x0000000000004304      0x73d Core/Src/system_stm32f7xx.o
 .debug_info    0x0000000000004a41       0x22 Core/Startup/startup_stm32f777vitx.o
 .debug_info    0x0000000000004a63      0xa4c Drivers/STM32F7xx_HAL_Driver/Src/stm32f7xx_hal.o
 .debug_info    0x00000000000054af      0xc9d Drivers/STM32F7xx_HAL_Driver/Src/stm32f7xx_hal_adc.o
 .debug_info    0x000000000000614c      0xfb3 Drivers/STM32F7xx_HAL_Driver/Src/stm32f7xx_hal_can.o
 .debug_info    0x00000000000070ff     0x1092 Drivers/STM32F7xx_HAL_Driver/Src/stm32f7xx_hal_cortex.o
 .debug_info    0x0000000000008191      0x968 Drivers/STM32F7xx_HAL_Driver/Src/stm32f7xx_hal_dma.o
 .debug_info    0x0000000000008af9      0x7e9 Drivers/STM32F7xx_HAL_Driver/Src/stm32f7xx_hal_gpio.o
 .debug_info    0x00000000000092e2      0x96b Drivers/STM32F7xx_HAL_Driver/Src/stm32f7xx_hal_pwr_ex.o
 .debug_info    0x0000000000009c4d      0x996 Drivers/STM32F7xx_HAL_Driver/Src/stm32f7xx_hal_rcc.o
 .debug_info    0x000000000000a5e3      0x7d1 Drivers/STM32F7xx_HAL_Driver/Src/stm32f7xx_hal_rcc_ex.o
 .debug_info    0x000000000000adb4      0xc56 Drivers/STM32F7xx_HAL_Driver/Src/stm32f7xx_hal_rtc.o
 .debug_info    0x000000000000ba0a     0x166a Drivers/STM32F7xx_HAL_Driver/Src/stm32f7xx_hal_spi.o
 .debug_info    0x000000000000d074     0x16f7 Drivers/STM32F7xx_HAL_Driver/Src/stm32f7xx_hal_uart.o

.debug_abbrev   0x0000000000000000     0x203b
 .debug_abbrev  0x0000000000000000      0x2dc Core/Src/main.o
 .debug_abbrev  0x00000000000002dc      0x223 Core/Src/stm32f7xx_hal_msp.o
 .debug_abbrev  0x00000000000004ff      0x149 Core/Src/stm32f7xx_it.o
 .debug_abbrev  0x0000000000000648      0x147 Core/Src/system_stm32f7xx.o
 .debug_abbrev  0x000000000000078f       0x12 Core/Startup/startup_stm32f777vitx.o
 .debug_abbrev  0x00000000000007a1      0x1c7 Drivers/STM32F7xx_HAL_Driver/Src/stm32f7xx_hal.o
 .debug_abbrev  0x0000000000000968      0x205 Drivers/STM32F7xx_HAL_Driver/Src/stm32f7xx_hal_adc.o
 .debug_abbrev  0x0000000000000b6d      0x22a Drivers/STM32F7xx_HAL_Driver/Src/stm32f7xx_hal_can.o
 .debug_abbrev  0x0000000000000d97      0x2fa Drivers/STM32F7xx_HAL_Driver/Src/stm32f7xx_hal_cortex.o
 .debug_abbrev  0x0000000000001091      0x229 Drivers/STM32F7xx_HAL_Driver/Src/stm32f7xx_hal_dma.o
 .debug_abbrev  0x00000000000012ba      0x1c9 Drivers/STM32F7xx_HAL_Driver/Src/stm32f7xx_hal_gpio.o
 .debug_abbrev  0x0000000000001483      0x1b8 Drivers/STM32F7xx_HAL_Driver/Src/stm32f7xx_hal_pwr_ex.o
 .debug_abbrev  0x000000000000163b      0x268 Drivers/STM32F7xx_HAL_Driver/Src/stm32f7xx_hal_rcc.o
 .debug_abbrev  0x00000000000018a3      0x1ad Drivers/STM32F7xx_HAL_Driver/Src/stm32f7xx_hal_rcc_ex.o
 .debug_abbrev  0x0000000000001a50      0x1be Drivers/STM32F7xx_HAL_Driver/Src/stm32f7xx_hal_rtc.o
 .debug_abbrev  0x0000000000001c0e      0x228 Drivers/STM32F7xx_HAL_Driver/Src/stm32f7xx_hal_spi.o
 .debug_abbrev  0x0000000000001e36      0x205 Drivers/STM32F7xx_HAL_Driver/Src/stm32f7xx_hal_uart.o

.debug_aranges  0x0000000000000000      0xd28
 .debug_aranges
                0x0000000000000000       0xd0 Core/Src/main.o
 .debug_aranges
                0x00000000000000d0       0x70 Core/Src/stm32f7xx_hal_msp.o
 .debug_aranges
                0x0000000000000140       0x68 Core/Src/stm32f7xx_it.o
 .debug_aranges
                0x00000000000001a8       0x28 Core/Src/system_stm32f7xx.o
 .debug_aranges
                0x00000000000001d0       0x28 Core/Startup/startup_stm32f777vitx.o
 .debug_aranges
                0x00000000000001f8      0x110 Drivers/STM32F7xx_HAL_Driver/Src/stm32f7xx_hal.o
 .debug_aranges
                0x0000000000000308       0xe8 Drivers/STM32F7xx_HAL_Driver/Src/stm32f7xx_hal_adc.o
 .debug_aranges
                0x00000000000003f0      0x138 Drivers/STM32F7xx_HAL_Driver/Src/stm32f7xx_hal_can.o
 .debug_aranges
                0x0000000000000528      0x118 Drivers/STM32F7xx_HAL_Driver/Src/stm32f7xx_hal_cortex.o
 .debug_aranges
                0x0000000000000640       0x90 Drivers/STM32F7xx_HAL_Driver/Src/stm32f7xx_hal_dma.o
 .debug_aranges
                0x00000000000006d0       0x58 Drivers/STM32F7xx_HAL_Driver/Src/stm32f7xx_hal_gpio.o
 .debug_aranges
                0x0000000000000728       0x80 Drivers/STM32F7xx_HAL_Driver/Src/stm32f7xx_hal_pwr_ex.o
 .debug_aranges
                0x00000000000007a8       0x88 Drivers/STM32F7xx_HAL_Driver/Src/stm32f7xx_hal_rcc.o
 .debug_aranges
                0x0000000000000830       0x50 Drivers/STM32F7xx_HAL_Driver/Src/stm32f7xx_hal_rcc_ex.o
 .debug_aranges
                0x0000000000000880       0xb8 Drivers/STM32F7xx_HAL_Driver/Src/stm32f7xx_hal_rtc.o
 .debug_aranges
                0x0000000000000938      0x1d8 Drivers/STM32F7xx_HAL_Driver/Src/stm32f7xx_hal_spi.o
 .debug_aranges
                0x0000000000000b10      0x218 Drivers/STM32F7xx_HAL_Driver/Src/stm32f7xx_hal_uart.o

.debug_ranges   0x0000000000000000      0xc20
 .debug_ranges  0x0000000000000000       0xc0 Core/Src/main.o
 .debug_ranges  0x00000000000000c0       0x60 Core/Src/stm32f7xx_hal_msp.o
 .debug_ranges  0x0000000000000120       0x58 Core/Src/stm32f7xx_it.o
 .debug_ranges  0x0000000000000178       0x18 Core/Src/system_stm32f7xx.o
 .debug_ranges  0x0000000000000190       0x20 Core/Startup/startup_stm32f777vitx.o
 .debug_ranges  0x00000000000001b0      0x100 Drivers/STM32F7xx_HAL_Driver/Src/stm32f7xx_hal.o
 .debug_ranges  0x00000000000002b0       0xd8 Drivers/STM32F7xx_HAL_Driver/Src/stm32f7xx_hal_adc.o
 .debug_ranges  0x0000000000000388      0x128 Drivers/STM32F7xx_HAL_Driver/Src/stm32f7xx_hal_can.o
 .debug_ranges  0x00000000000004b0      0x108 Drivers/STM32F7xx_HAL_Driver/Src/stm32f7xx_hal_cortex.o
 .debug_ranges  0x00000000000005b8       0x80 Drivers/STM32F7xx_HAL_Driver/Src/stm32f7xx_hal_dma.o
 .debug_ranges  0x0000000000000638       0x48 Drivers/STM32F7xx_HAL_Driver/Src/stm32f7xx_hal_gpio.o
 .debug_ranges  0x0000000000000680       0x70 Drivers/STM32F7xx_HAL_Driver/Src/stm32f7xx_hal_pwr_ex.o
 .debug_ranges  0x00000000000006f0       0x78 Drivers/STM32F7xx_HAL_Driver/Src/stm32f7xx_hal_rcc.o
 .debug_ranges  0x0000000000000768       0x40 Drivers/STM32F7xx_HAL_Driver/Src/stm32f7xx_hal_rcc_ex.o
 .debug_ranges  0x00000000000007a8       0xa8 Drivers/STM32F7xx_HAL_Driver/Src/stm32f7xx_hal_rtc.o
 .debug_ranges  0x0000000000000850      0x1c8 Drivers/STM32F7xx_HAL_Driver/Src/stm32f7xx_hal_spi.o
 .debug_ranges  0x0000000000000a18      0x208 Drivers/STM32F7xx_HAL_Driver/Src/stm32f7xx_hal_uart.o

.debug_macro    0x0000000000000000    0x2883d
 .debug_macro   0x0000000000000000      0x24d Core/Src/main.o
 .debug_macro   0x000000000000024d      0xa66 Core/Src/main.o
 .debug_macro   0x0000000000000cb3      0x2a5 Core/Src/main.o
 .debug_macro   0x0000000000000f58       0x2e Core/Src/main.o
 .debug_macro   0x0000000000000f86       0x3b Core/Src/main.o
 .debug_macro   0x0000000000000fc1       0x22 Core/Src/main.o
 .debug_macro   0x0000000000000fe3       0x8e Core/Src/main.o
 .debug_macro   0x0000000000001071       0x51 Core/Src/main.o
 .debug_macro   0x00000000000010c2       0xef Core/Src/main.o
 .debug_macro   0x00000000000011b1       0x6a Core/Src/main.o
 .debug_macro   0x000000000000121b      0x1df Core/Src/main.o
 .debug_macro   0x00000000000013fa       0x1c Core/Src/main.o
 .debug_macro   0x0000000000001416       0x22 Core/Src/main.o
 .debug_macro   0x0000000000001438       0xdf Core/Src/main.o
 .debug_macro   0x0000000000001517     0x12cd Core/Src/main.o
 .debug_macro   0x00000000000027e4      0x11f Core/Src/main.o
 .debug_macro   0x0000000000002903       0x19 Core/Src/main.o
 .debug_macro   0x000000000000291c    0x1afe9 Core/Src/main.o
 .debug_macro   0x000000000001d905       0x43 Core/Src/main.o
 .debug_macro   0x000000000001d948     0x36b4 Core/Src/main.o
 .debug_macro   0x0000000000020ffc      0x174 Core/Src/main.o
 .debug_macro   0x0000000000021170       0x61 Core/Src/main.o
 .debug_macro   0x00000000000211d1     0x1b69 Core/Src/main.o
 .debug_macro   0x0000000000022d3a      0x6c4 Core/Src/main.o
 .debug_macro   0x00000000000233fe      0x18b Core/Src/main.o
 .debug_macro   0x0000000000023589      0x117 Core/Src/main.o
 .debug_macro   0x00000000000236a0      0x26f Core/Src/main.o
 .debug_macro   0x000000000002390f       0x27 Core/Src/main.o
 .debug_macro   0x0000000000023936      0x24f Core/Src/main.o
 .debug_macro   0x0000000000023b85       0x71 Core/Src/main.o
 .debug_macro   0x0000000000023bf6       0x58 Core/Src/main.o
 .debug_macro   0x0000000000023c4e      0x236 Core/Src/main.o
 .debug_macro   0x0000000000023e84      0x416 Core/Src/main.o
 .debug_macro   0x000000000002429a      0x153 Core/Src/main.o
 .debug_macro   0x00000000000243ed      0x107 Core/Src/main.o
 .debug_macro   0x00000000000244f4      0x40f Core/Src/main.o
 .debug_macro   0x0000000000024903      0x14f Core/Src/main.o
 .debug_macro   0x0000000000024a52      0x3dc Core/Src/main.o
 .debug_macro   0x0000000000024e2e       0x12 Core/Src/main.o
 .debug_macro   0x0000000000024e40      0x22c Core/Src/main.o
 .debug_macro   0x000000000002506c       0x61 Core/Src/main.o
 .debug_macro   0x00000000000250cd       0xa5 Core/Src/main.o
 .debug_macro   0x0000000000025172      0x12f Core/Src/main.o
 .debug_macro   0x00000000000252a1      0x108 Core/Src/main.o
 .debug_macro   0x00000000000253a9       0x35 Core/Src/main.o
 .debug_macro   0x00000000000253de      0x313 Core/Src/main.o
 .debug_macro   0x00000000000256f1      0x4ca Core/Src/main.o
 .debug_macro   0x0000000000025bbb       0xd6 Core/Src/main.o
 .debug_macro   0x0000000000025c91      0x2fe Core/Src/main.o
 .debug_macro   0x0000000000025f8f      0x589 Core/Src/main.o
 .debug_macro   0x0000000000026518       0x44 Core/Src/main.o
 .debug_macro   0x000000000002655c      0x15c Core/Src/main.o
 .debug_macro   0x00000000000266b8       0xac Core/Src/main.o
 .debug_macro   0x0000000000026764      0x22f Core/Src/stm32f7xx_hal_msp.o
 .debug_macro   0x0000000000026993      0x239 Core/Src/stm32f7xx_it.o
 .debug_macro   0x0000000000026bcc      0x226 Core/Src/system_stm32f7xx.o
 .debug_macro   0x0000000000026df2      0x244 Drivers/STM32F7xx_HAL_Driver/Src/stm32f7xx_hal.o
 .debug_macro   0x0000000000027036      0x221 Drivers/STM32F7xx_HAL_Driver/Src/stm32f7xx_hal_adc.o
 .debug_macro   0x0000000000027257      0x228 Drivers/STM32F7xx_HAL_Driver/Src/stm32f7xx_hal_can.o
 .debug_macro   0x000000000002747f      0x220 Drivers/STM32F7xx_HAL_Driver/Src/stm32f7xx_hal_cortex.o
 .debug_macro   0x000000000002769f      0x226 Drivers/STM32F7xx_HAL_Driver/Src/stm32f7xx_hal_dma.o
 .debug_macro   0x00000000000278c5      0x256 Drivers/STM32F7xx_HAL_Driver/Src/stm32f7xx_hal_gpio.o
 .debug_macro   0x0000000000027b1b      0x238 Drivers/STM32F7xx_HAL_Driver/Src/stm32f7xx_hal_pwr_ex.o
 .debug_macro   0x0000000000027d53      0x244 Drivers/STM32F7xx_HAL_Driver/Src/stm32f7xx_hal_rcc.o
 .debug_macro   0x0000000000027f97      0x220 Drivers/STM32F7xx_HAL_Driver/Src/stm32f7xx_hal_rcc_ex.o
 .debug_macro   0x00000000000281b7      0x221 Drivers/STM32F7xx_HAL_Driver/Src/stm32f7xx_hal_rtc.o
 .debug_macro   0x00000000000283d8      0x228 Drivers/STM32F7xx_HAL_Driver/Src/stm32f7xx_hal_spi.o
 .debug_macro   0x0000000000028600      0x23d Drivers/STM32F7xx_HAL_Driver/Src/stm32f7xx_hal_uart.o

.debug_line     0x0000000000000000     0xaeff
 .debug_line    0x0000000000000000      0xa31 Core/Src/main.o
 .debug_line    0x0000000000000a31      0x89c Core/Src/stm32f7xx_hal_msp.o
 .debug_line    0x00000000000012cd      0x81f Core/Src/stm32f7xx_it.o
 .debug_line    0x0000000000001aec      0x77e Core/Src/system_stm32f7xx.o
 .debug_line    0x000000000000226a       0x85 Core/Startup/startup_stm32f777vitx.o
 .debug_line    0x00000000000022ef      0x9b1 Drivers/STM32F7xx_HAL_Driver/Src/stm32f7xx_hal.o
 .debug_line    0x0000000000002ca0      0xbb6 Drivers/STM32F7xx_HAL_Driver/Src/stm32f7xx_hal_adc.o
 .debug_line    0x0000000000003856      0xc17 Drivers/STM32F7xx_HAL_Driver/Src/stm32f7xx_hal_can.o
 .debug_line    0x000000000000446d      0xa8e Drivers/STM32F7xx_HAL_Driver/Src/stm32f7xx_hal_cortex.o
 .debug_line    0x0000000000004efb      0xa39 Drivers/STM32F7xx_HAL_Driver/Src/stm32f7xx_hal_dma.o
 .debug_line    0x0000000000005934      0x972 Drivers/STM32F7xx_HAL_Driver/Src/stm32f7xx_hal_gpio.o
 .debug_line    0x00000000000062a6      0x8ae Drivers/STM32F7xx_HAL_Driver/Src/stm32f7xx_hal_pwr_ex.o
 .debug_line    0x0000000000006b54      0xa17 Drivers/STM32F7xx_HAL_Driver/Src/stm32f7xx_hal_rcc.o
 .debug_line    0x000000000000756b      0x98e Drivers/STM32F7xx_HAL_Driver/Src/stm32f7xx_hal_rcc_ex.o
 .debug_line    0x0000000000007ef9      0xaf5 Drivers/STM32F7xx_HAL_Driver/Src/stm32f7xx_hal_rtc.o
 .debug_line    0x00000000000089ee     0x11e0 Drivers/STM32F7xx_HAL_Driver/Src/stm32f7xx_hal_spi.o
 .debug_line    0x0000000000009bce     0x1331 Drivers/STM32F7xx_HAL_Driver/Src/stm32f7xx_hal_uart.o

.debug_str      0x0000000000000000    0xff450
 .debug_str     0x0000000000000000    0xfc724 Core/Src/main.o
                                      0xfcf83 (size before relaxing)
 .debug_str     0x00000000000fc724       0xed Core/Src/stm32f7xx_hal_msp.o
                                      0xfc2ac (size before relaxing)
 .debug_str     0x00000000000fc811       0xd5 Core/Src/stm32f7xx_it.o
                                      0xfb79e (size before relaxing)
 .debug_str     0x00000000000fc8e6      0x18d Core/Src/system_stm32f7xx.o
                                      0xfb4a7 (size before relaxing)
 .debug_str     0x00000000000fca73       0x36 Core/Startup/startup_stm32f777vitx.o
                                         0x73 (size before relaxing)
 .debug_str     0x00000000000fcaa9      0x3c7 Drivers/STM32F7xx_HAL_Driver/Src/stm32f7xx_hal.o
                                      0xfbe3f (size before relaxing)
 .debug_str     0x00000000000fce70      0x294 Drivers/STM32F7xx_HAL_Driver/Src/stm32f7xx_hal_adc.o
                                      0xfb94a (size before relaxing)
 .debug_str     0x00000000000fd104      0x56e Drivers/STM32F7xx_HAL_Driver/Src/stm32f7xx_hal_can.o
                                      0xfbab8 (size before relaxing)
 .debug_str     0x00000000000fd672      0x388 Drivers/STM32F7xx_HAL_Driver/Src/stm32f7xx_hal_cortex.o
                                      0xfbeab (size before relaxing)
 .debug_str     0x00000000000fd9fa      0x320 Drivers/STM32F7xx_HAL_Driver/Src/stm32f7xx_hal_dma.o
                                      0xfb7e1 (size before relaxing)
 .debug_str     0x00000000000fdd1a      0x244 Drivers/STM32F7xx_HAL_Driver/Src/stm32f7xx_hal_gpio.o
                                      0xfb67d (size before relaxing)
 .debug_str     0x00000000000fdf5e      0x1d1 Drivers/STM32F7xx_HAL_Driver/Src/stm32f7xx_hal_pwr_ex.o
                                      0xfb721 (size before relaxing)
 .debug_str     0x00000000000fe12f      0x278 Drivers/STM32F7xx_HAL_Driver/Src/stm32f7xx_hal_rcc.o
                                      0xfb7db (size before relaxing)
 .debug_str     0x00000000000fe3a7      0x161 Drivers/STM32F7xx_HAL_Driver/Src/stm32f7xx_hal_rcc_ex.o
                                      0xfb790 (size before relaxing)
 .debug_str     0x00000000000fe508      0x210 Drivers/STM32F7xx_HAL_Driver/Src/stm32f7xx_hal_rtc.o
                                      0xfb7bb (size before relaxing)
 .debug_str     0x00000000000fe718      0x562 Drivers/STM32F7xx_HAL_Driver/Src/stm32f7xx_hal_spi.o
                                      0xfbc61 (size before relaxing)
 .debug_str     0x00000000000fec7a      0x7d6 Drivers/STM32F7xx_HAL_Driver/Src/stm32f7xx_hal_uart.o
                                      0xfc020 (size before relaxing)

.comment        0x0000000000000000       0x7b
 .comment       0x0000000000000000       0x7b Core/Src/main.o
                                         0x7c (size before relaxing)
 .comment       0x000000000000007b       0x7c Core/Src/stm32f7xx_hal_msp.o
 .comment       0x000000000000007b       0x7c Core/Src/stm32f7xx_it.o
 .comment       0x000000000000007b       0x7c Core/Src/system_stm32f7xx.o
 .comment       0x000000000000007b       0x7c Drivers/STM32F7xx_HAL_Driver/Src/stm32f7xx_hal.o
 .comment       0x000000000000007b       0x7c Drivers/STM32F7xx_HAL_Driver/Src/stm32f7xx_hal_adc.o
 .comment       0x000000000000007b       0x7c Drivers/STM32F7xx_HAL_Driver/Src/stm32f7xx_hal_can.o
 .comment       0x000000000000007b       0x7c Drivers/STM32F7xx_HAL_Driver/Src/stm32f7xx_hal_cortex.o
 .comment       0x000000000000007b       0x7c Drivers/STM32F7xx_HAL_Driver/Src/stm32f7xx_hal_dma.o
 .comment       0x000000000000007b       0x7c Drivers/STM32F7xx_HAL_Driver/Src/stm32f7xx_hal_gpio.o
 .comment       0x000000000000007b       0x7c Drivers/STM32F7xx_HAL_Driver/Src/stm32f7xx_hal_pwr_ex.o
 .comment       0x000000000000007b       0x7c Drivers/STM32F7xx_HAL_Driver/Src/stm32f7xx_hal_rcc.o
 .comment       0x000000000000007b       0x7c Drivers/STM32F7xx_HAL_Driver/Src/stm32f7xx_hal_rcc_ex.o
 .comment       0x000000000000007b       0x7c Drivers/STM32F7xx_HAL_Driver/Src/stm32f7xx_hal_rtc.o
 .comment       0x000000000000007b       0x7c Drivers/STM32F7xx_HAL_Driver/Src/stm32f7xx_hal_spi.o
 .comment       0x000000000000007b       0x7c Drivers/STM32F7xx_HAL_Driver/Src/stm32f7xx_hal_uart.o

.debug_frame    0x0000000000000000     0x3698
 .debug_frame   0x0000000000000000      0x334 Core/Src/main.o
 .debug_frame   0x0000000000000334      0x1a8 Core/Src/stm32f7xx_hal_msp.o
 .debug_frame   0x00000000000004dc      0x120 Core/Src/stm32f7xx_it.o
 .debug_frame   0x00000000000005fc       0x58 Core/Src/system_stm32f7xx.o
 .debug_frame   0x0000000000000654      0x3f4 Drivers/STM32F7xx_HAL_Driver/Src/stm32f7xx_hal.o
 .debug_frame   0x0000000000000a48      0x3fc Drivers/STM32F7xx_HAL_Driver/Src/stm32f7xx_hal_adc.o
 .debug_frame   0x0000000000000e44      0x5a0 Drivers/STM32F7xx_HAL_Driver/Src/stm32f7xx_hal_can.o
 .debug_frame   0x00000000000013e4      0x498 Drivers/STM32F7xx_HAL_Driver/Src/stm32f7xx_hal_cortex.o
 .debug_frame   0x000000000000187c      0x250 Drivers/STM32F7xx_HAL_Driver/Src/stm32f7xx_hal_dma.o
 .debug_frame   0x0000000000001acc      0x14c Drivers/STM32F7xx_HAL_Driver/Src/stm32f7xx_hal_gpio.o
 .debug_frame   0x0000000000001c18      0x1c8 Drivers/STM32F7xx_HAL_Driver/Src/stm32f7xx_hal_pwr_ex.o
 .debug_frame   0x0000000000001de0      0x1f4 Drivers/STM32F7xx_HAL_Driver/Src/stm32f7xx_hal_rcc.o
 .debug_frame   0x0000000000001fd4      0x118 Drivers/STM32F7xx_HAL_Driver/Src/stm32f7xx_hal_rcc_ex.o
 .debug_frame   0x00000000000020ec      0x308 Drivers/STM32F7xx_HAL_Driver/Src/stm32f7xx_hal_rtc.o
 .debug_frame   0x00000000000023f4      0x860 Drivers/STM32F7xx_HAL_Driver/Src/stm32f7xx_hal_spi.o
 .debug_frame   0x0000000000002c54      0x998 Drivers/STM32F7xx_HAL_Driver/Src/stm32f7xx_hal_uart.o
 .debug_frame   0x00000000000035ec       0x2c c:/st/stm32cubeide_1.5.0/stm32cubeide/plugins/com.st.stm32cube.ide.mcu.externaltools.gnu-tools-for-stm32.7-2018-q2-update.win32_1.5.0.202011040924/tools/bin/../lib/gcc/arm-none-eabi/7.3.1/../../../../arm-none-eabi/lib/thumb/v7e-m/fpv5/hard\libc_nano.a(lib_a-init.o)
 .debug_frame   0x0000000000003618       0x20 c:/st/stm32cubeide_1.5.0/stm32cubeide/plugins/com.st.stm32cube.ide.mcu.externaltools.gnu-tools-for-stm32.7-2018-q2-update.win32_1.5.0.202011040924/tools/bin/../lib/gcc/arm-none-eabi/7.3.1/../../../../arm-none-eabi/lib/thumb/v7e-m/fpv5/hard\libc_nano.a(lib_a-memset.o)
 .debug_frame   0x0000000000003638       0x2c c:/st/stm32cubeide_1.5.0/stm32cubeide/plugins/com.st.stm32cube.ide.mcu.externaltools.gnu-tools-for-stm32.7-2018-q2-update.win32_1.5.0.202011040924/tools/bin/../lib/gcc/arm-none-eabi/7.3.1/thumb/v7e-m/fpv5/hard\libgcc.a(_aeabi_uldivmod.o)
 .debug_frame   0x0000000000003664       0x34 c:/st/stm32cubeide_1.5.0/stm32cubeide/plugins/com.st.stm32cube.ide.mcu.externaltools.gnu-tools-for-stm32.7-2018-q2-update.win32_1.5.0.202011040924/tools/bin/../lib/gcc/arm-none-eabi/7.3.1/thumb/v7e-m/fpv5/hard\libgcc.a(_udivmoddi4.o)
